// Jest Snapshot v1, https://goo.gl/fbAQLP

exports[`Button component should render 1`] = `
<div
  className="root"
  onClick={[Function]}
  role="button"
>
  Button
</div>
`;
