// Jest Snapshot v1, https://goo.gl/fbAQLP

exports[`Movie component should render properly 1`] = `
<div
  className="root"
>
  <header
    className="header"
  >
    <h3>
      Batman
    </h3>
    <h5>
      Release date: 
      <time>
        1989-06-23
      </time>
    </h5>
    <h6>
      Rating: 
      7
    </h6>
  </header>
  <article
    className="content"
  >
    <Image
      name="/kBf3g9crrADGMc2AMAMlLBgSm2h.jpg"
    />
    <p>
      The Dark Knight of Gotham City begins his war on crime with his first major enemy being the clownishly homicidal Joker, who has seized control of Gotham's underworld.
    </p>
  </article>
</div>
`;
