// Jest Snapshot v1, https://goo.gl/fbAQLP

exports[`Image component should render with proper src attribute value 1`] = `
<img
  src="https://image.tmdb.org/t/p/w185/kBf3g9crrADGMc2AMAMlLBgSm2h.jpg"
/>
`;
