// Jest Snapshot v1, https://goo.gl/fbAQLP

exports[`TvShow component should render properly 1`] = `
<div
  className="root"
>
  <header
    className="header"
  >
    <h3>
      Saturday Night Live
    </h3>
    <h5>
      First air date: 
      <time>
        1975-10-11
      </time>
    </h5>
    <h6>
      Rating: 
      6.43
    </h6>
  </header>
  <article
    className="content"
  >
    <Image
      name="/aXdHYUXubjdVzdQvUsV5OxpCNeu.jpg"
    />
    <p>
      A late-night live television sketch comedy and variety show created by Lorne Michaels. The show's comedy sketches, which parody contemporary culture and politics, are performed by a large and varying cast of repertory and newer cast members. Each episode is hosted by a celebrity guest, who usually delivers an opening monologue and performs in sketches with the cast, and features performances by a musical guest.
    </p>
  </article>
</div>
`;
